// Jest Snapshot v1, https://goo.gl/fbAQLP

exports[`Title component Matches the snapshot 1`] = `
<h2
  className="sc-AxirZ jOuzpb"
>
  test
</h2>
`;
